<testsuites id="" name="" tests="2" failures="2" skipped="0" errors="0" time="15.579806000000001">
<testsuite name="orders/delivery-order.spec.ts" timestamp="2025-12-13T16:53:02.684Z" hostname="chromium" tests="1" failures="1" skipped="0" time="2.963" errors="0">
<testcase name="Delivery Orders › ORDER-202: Customer can checkout for delivery and reach payment screen" classname="orders/delivery-order.spec.ts" time="2.963">
<failure message="delivery-order.spec.ts:13:7 ORDER-202: Customer can checkout for delivery and reach payment screen" type="FAILURE">
<![CDATA[  [chromium] › orders/delivery-order.spec.ts:13:7 › Delivery Orders › ORDER-202: Customer can checkout for delivery and reach payment screen 

    Error: locator.waitFor: Error: strict mode violation: locator('[role="dialog"]') resolved to 2 elements:
        1) <div role="dialog" tabindex="-1" aria-hidden="true" data-state="closed" data-aria-hidden="true" id="radix-_R_aeklritmlb_" aria-labelledby="radix-_R_aeklritmlbH1_" aria-describedby="radix-_R_aeklritmlbH2_" class="fixed left-[50%] top-[50%] z-50 grid w-full max-w-lg translate-x-[-50%] translate-y-[-50%] gap-4 border bg-background p-6 shadow-lg duration-200 data-[state=open]:animate-in data-[state=closed]:animate-out data-[state=closed]:fade-out-0 data-[state=open]:fade-in-0 data-[state=closed]:zoom-o…>…</div> aka getByLabel('Chicken Wings')
        2) <div role="dialog" tabindex="-1" data-state="open" id="radix-_R_2clritmlb_" aria-labelledby="radix-_R_2clritmlbH1_" aria-describedby="radix-_R_2clritmlbH2_" class="fixed z-50 gap-4 bg-background p-6 shadow-lg transition ease-in-out data-[state=open]:animate-in data-[state=closed]:animate-out data-[state=closed]:duration-300 data-[state=open]:duration-500 inset-y-0 right-0 h-full border-l data-[state=closed]:slide-out-to-right data-[state=open]:slide-in-from-right flex w-full flex-col sm:max-w-lg">…</div> aka getByRole('dialog', { name: 'Your Cart (1 item)' })

    Call log:
      - waiting for locator('[role="dialog"]') to be hidden
        4 × locator resolved to visible <div role="dialog" tabindex="-1" data-state="open" id="radix-_R_aeklritmlb_" aria-labelledby="radix-_R_aeklritmlbH1_" aria-describedby="radix-_R_aeklritmlbH2_" class="fixed left-[50%] top-[50%] z-50 grid w-full max-w-lg translate-x-[-50%] translate-y-[-50%] gap-4 border bg-background p-6 shadow-lg duration-200 data-[state=open]:animate-in data-[state=closed]:animate-out data-[state=closed]:fade-out-0 data-[state=open]:fade-in-0 data-[state=closed]:zoom-out-95 data-[state=open]:zoom-in-95 data-[stat…>…</div>


       at ../helpers/cart.helper.ts:45

      43 |     
      44 |     // Wait for modal to close completely
    > 45 |     await dialog.waitFor({ state: 'hidden', timeout: 5000 });
         |                  ^
      46 |     
      47 |     // Additional wait for cart state to update
      48 |     await this.page.waitForTimeout(300);
        at CartHelper.addItemToCart (/home/william/Documents/SoftwareProjects/wawagardenbar/wawagardenbar app/tests/helpers/cart.helper.ts:45:18)
        at /home/william/Documents/SoftwareProjects/wawagardenbar/wawagardenbar app/tests/e2e/orders/delivery-order.spec.ts:18:5

    attachment #1: screenshot (image/png) ──────────────────────────────────────────────────────────
    ../../test-results/orders-delivery-order-Deli-11693-ry-and-reach-payment-screen-chromium/test-failed-1.png
    ────────────────────────────────────────────────────────────────────────────────────────────────

    attachment #2: video (video/webm) ──────────────────────────────────────────────────────────────
    ../../test-results/orders-delivery-order-Deli-11693-ry-and-reach-payment-screen-chromium/video.webm
    ────────────────────────────────────────────────────────────────────────────────────────────────

    Error Context: ../../test-results/orders-delivery-order-Deli-11693-ry-and-reach-payment-screen-chromium/error-context.md
]]>
</failure>
<system-out>
<![CDATA[
[[ATTACHMENT|orders-delivery-order-Deli-11693-ry-and-reach-payment-screen-chromium/test-failed-1.png]]

[[ATTACHMENT|orders-delivery-order-Deli-11693-ry-and-reach-payment-screen-chromium/video.webm]]

[[ATTACHMENT|orders-delivery-order-Deli-11693-ry-and-reach-payment-screen-chromium/error-context.md]]
]]>
</system-out>
</testcase>
</testsuite>
<testsuite name="orders/pickup-order.spec.ts" timestamp="2025-12-13T16:53:02.684Z" hostname="chromium" tests="1" failures="1" skipped="0" time="1.358" errors="0">
<testcase name="Pickup Orders › ORDER-201: Customer can complete pickup checkout and reach payment" classname="orders/pickup-order.spec.ts" time="1.358">
<failure message="pickup-order.spec.ts:23:7 ORDER-201: Customer can complete pickup checkout and reach payment" type="FAILURE">
<![CDATA[  [chromium] › orders/pickup-order.spec.ts:23:7 › Pickup Orders › ORDER-201: Customer can complete pickup checkout and reach payment 

    Error: locator.waitFor: Error: strict mode violation: locator('[role="dialog"]') resolved to 2 elements:
        1) <div role="dialog" tabindex="-1" aria-hidden="true" data-state="closed" data-aria-hidden="true" id="radix-_R_9uklritmlb_" aria-labelledby="radix-_R_9uklritmlbH1_" aria-describedby="radix-_R_9uklritmlbH2_" class="fixed left-[50%] top-[50%] z-50 grid w-full max-w-lg translate-x-[-50%] translate-y-[-50%] gap-4 border bg-background p-6 shadow-lg duration-200 data-[state=open]:animate-in data-[state=closed]:animate-out data-[state=closed]:fade-out-0 data-[state=open]:fade-in-0 data-[state=closed]:zoom-o…>…</div> aka getByLabel('Jollof Rice')
        2) <div role="dialog" tabindex="-1" data-state="open" id="radix-_R_2clritmlb_" aria-labelledby="radix-_R_2clritmlbH1_" aria-describedby="radix-_R_2clritmlbH2_" class="fixed z-50 gap-4 bg-background p-6 shadow-lg transition ease-in-out data-[state=open]:animate-in data-[state=closed]:animate-out data-[state=closed]:duration-300 data-[state=open]:duration-500 inset-y-0 right-0 h-full border-l data-[state=closed]:slide-out-to-right data-[state=open]:slide-in-from-right flex w-full flex-col sm:max-w-lg">…</div> aka getByRole('dialog', { name: 'Your Cart (1 item)' })

    Call log:
      - waiting for locator('[role="dialog"]') to be hidden
        2 × locator resolved to visible <div role="dialog" tabindex="-1" data-state="open" id="radix-_R_9uklritmlb_" aria-labelledby="radix-_R_9uklritmlbH1_" aria-describedby="radix-_R_9uklritmlbH2_" class="fixed left-[50%] top-[50%] z-50 grid w-full max-w-lg translate-x-[-50%] translate-y-[-50%] gap-4 border bg-background p-6 shadow-lg duration-200 data-[state=open]:animate-in data-[state=closed]:animate-out data-[state=closed]:fade-out-0 data-[state=open]:fade-in-0 data-[state=closed]:zoom-out-95 data-[state=open]:zoom-in-95 data-[stat…>…</div>


       at ../helpers/cart.helper.ts:45

      43 |     
      44 |     // Wait for modal to close completely
    > 45 |     await dialog.waitFor({ state: 'hidden', timeout: 5000 });
         |                  ^
      46 |     
      47 |     // Additional wait for cart state to update
      48 |     await this.page.waitForTimeout(300);
        at CartHelper.addItemToCart (/home/william/Documents/SoftwareProjects/wawagardenbar/wawagardenbar app/tests/helpers/cart.helper.ts:45:18)
        at /home/william/Documents/SoftwareProjects/wawagardenbar/wawagardenbar app/tests/e2e/orders/pickup-order.spec.ts:28:5

    attachment #1: screenshot (image/png) ──────────────────────────────────────────────────────────
    ../../test-results/orders-pickup-order-Pickup-4a70d--checkout-and-reach-payment-chromium/test-failed-1.png
    ────────────────────────────────────────────────────────────────────────────────────────────────

    attachment #2: video (video/webm) ──────────────────────────────────────────────────────────────
    ../../test-results/orders-pickup-order-Pickup-4a70d--checkout-and-reach-payment-chromium/video.webm
    ────────────────────────────────────────────────────────────────────────────────────────────────

    Error Context: ../../test-results/orders-pickup-order-Pickup-4a70d--checkout-and-reach-payment-chromium/error-context.md
]]>
</failure>
<system-out>
<![CDATA[
[[ATTACHMENT|orders-pickup-order-Pickup-4a70d--checkout-and-reach-payment-chromium/test-failed-1.png]]

[[ATTACHMENT|orders-pickup-order-Pickup-4a70d--checkout-and-reach-payment-chromium/video.webm]]

[[ATTACHMENT|orders-pickup-order-Pickup-4a70d--checkout-and-reach-payment-chromium/error-context.md]]
]]>
</system-out>
</testcase>
</testsuite>
</testsuites>